Archive member included because of file (symbol)

/usr/lib/gcc/avr/4.8.2/avr4/libgcc.a(_exit.o)
                              /usr/lib/gcc/avr/4.8.2/../../../avr/lib/avr4/crtm8.o (exit)
/usr/lib/gcc/avr/4.8.2/avr4/libgcc.a(_clear_bss.o)
                              main.o (__do_clear_bss)
/usr/lib/gcc/avr/4.8.2/../../../avr/lib/avr4/libc.a(eerd_byte_atmega8.o)
                              main.o (__eerd_byte_m8)
/usr/lib/gcc/avr/4.8.2/../../../avr/lib/avr4/libc.a(eewr_byte_atmega8.o)
                              main.o (__eewr_byte_m8)

Allocating common symbols
Common symbol       size              file

gBuffer             0x40              main.o

Discarded input sections

 .vectors       0x0000000000000000       0x26 /usr/lib/gcc/avr/4.8.2/../../../avr/lib/avr4/crtm8.o

Memory Configuration

Name             Origin             Length             Attributes
text             0x0000000000000000 0x0000000000002000 xr
data             0x0000000000800060 0x000000000000ffa0 rw !x
eeprom           0x0000000000810000 0x0000000000010000 rw !x
*default*        0x0000000000000000 0xffffffffffffffff

Linker script and memory map

LOAD /usr/lib/gcc/avr/4.8.2/../../../avr/lib/avr4/crtm8.o
LOAD main.o
LOAD /usr/lib/gcc/avr/4.8.2/../../../avr/lib/avr4/libm.a
Address of section .text set to 0x1c00
START GROUP
LOAD /usr/lib/gcc/avr/4.8.2/avr4/libgcc.a
LOAD /usr/lib/gcc/avr/4.8.2/../../../avr/lib/avr4/libm.a
LOAD /usr/lib/gcc/avr/4.8.2/../../../avr/lib/avr4/libc.a
END GROUP

.hash
 *(.hash)

.dynsym
 *(.dynsym)

.dynstr
 *(.dynstr)

.gnu.version
 *(.gnu.version)

.gnu.version_d
 *(.gnu.version_d)

.gnu.version_r
 *(.gnu.version_r)

.rel.init
 *(.rel.init)

.rela.init
 *(.rela.init)

.rel.text
 *(.rel.text)
 *(.rel.text.*)
 *(.rel.gnu.linkonce.t*)

.rela.text
 *(.rela.text)
 *(.rela.text.*)
 *(.rela.gnu.linkonce.t*)

.rel.fini
 *(.rel.fini)

.rela.fini
 *(.rela.fini)

.rel.rodata
 *(.rel.rodata)
 *(.rel.rodata.*)
 *(.rel.gnu.linkonce.r*)

.rela.rodata
 *(.rela.rodata)
 *(.rela.rodata.*)
 *(.rela.gnu.linkonce.r*)

.rel.data
 *(.rel.data)
 *(.rel.data.*)
 *(.rel.gnu.linkonce.d*)

.rela.data
 *(.rela.data)
 *(.rela.data.*)
 *(.rela.gnu.linkonce.d*)

.rel.ctors
 *(.rel.ctors)

.rela.ctors
 *(.rela.ctors)

.rel.dtors
 *(.rel.dtors)

.rela.dtors
 *(.rela.dtors)

.rel.got
 *(.rel.got)

.rela.got
 *(.rela.got)

.rel.bss
 *(.rel.bss)

.rela.bss
 *(.rela.bss)

.rel.plt
 *(.rel.plt)

.rela.plt
 *(.rela.plt)

/DISCARD/
 *(.vectors)

.text           0x0000000000001c00      0x338
                0x0000000000001c00                __ctors_start = .
 *(.ctors)
                0x0000000000001c00                __ctors_end = .
                0x0000000000001c00                __dtors_start = .
 *(.dtors)
                0x0000000000001c00                __dtors_end = .
 *(.progmem.gcc*)
 *(.progmem*)
                0x0000000000001c00                . = ALIGN (0x2)
 *(.init0)
 .init0         0x0000000000001c00        0x0 /usr/lib/gcc/avr/4.8.2/../../../avr/lib/avr4/crtm8.o
                0x0000000000001c00                __init
 *(.init1)
 *(.init2)
 .init2         0x0000000000001c00        0xc /usr/lib/gcc/avr/4.8.2/../../../avr/lib/avr4/crtm8.o
 *(.init3)
 *(.init4)
 .init4         0x0000000000001c0c       0x10 /usr/lib/gcc/avr/4.8.2/avr4/libgcc.a(_clear_bss.o)
                0x0000000000001c0c                __do_clear_bss
 *(.init5)
 *(.init6)
 *(.init7)
 *(.init8)
 *(.init9)
 .init9         0x0000000000001c1c        0x4 /usr/lib/gcc/avr/4.8.2/../../../avr/lib/avr4/crtm8.o
 *(.text)
 .text          0x0000000000001c20        0x2 /usr/lib/gcc/avr/4.8.2/../../../avr/lib/avr4/crtm8.o
                0x0000000000001c20                __vector_1
                0x0000000000001c20                __vector_12
                0x0000000000001c20                __bad_interrupt
                0x0000000000001c20                __vector_6
                0x0000000000001c20                __vector_3
                0x0000000000001c20                __vector_11
                0x0000000000001c20                __vector_13
                0x0000000000001c20                __vector_17
                0x0000000000001c20                __vector_7
                0x0000000000001c20                __vector_5
                0x0000000000001c20                __vector_4
                0x0000000000001c20                __vector_9
                0x0000000000001c20                __vector_2
                0x0000000000001c20                __vector_15
                0x0000000000001c20                __vector_8
                0x0000000000001c20                __vector_14
                0x0000000000001c20                __vector_10
                0x0000000000001c20                __vector_16
                0x0000000000001c20                __vector_18
 .text          0x0000000000001c22       0x2e main.o
                0x0000000000001c4e                __vector_default
 .text          0x0000000000001c50        0x0 /usr/lib/gcc/avr/4.8.2/avr4/libgcc.a(_exit.o)
 .text          0x0000000000001c50        0x0 /usr/lib/gcc/avr/4.8.2/avr4/libgcc.a(_clear_bss.o)
 .text          0x0000000000001c50        0x0 /usr/lib/gcc/avr/4.8.2/../../../avr/lib/avr4/libc.a(eerd_byte_atmega8.o)
 .text          0x0000000000001c50        0x0 /usr/lib/gcc/avr/4.8.2/../../../avr/lib/avr4/libc.a(eewr_byte_atmega8.o)
                0x0000000000001c50                . = ALIGN (0x2)
 *(.text.*)
 .text.startup  0x0000000000001c50      0x2ba main.o
                0x0000000000001c50                main
 .text.libgcc.mul
                0x0000000000001f0a        0x0 /usr/lib/gcc/avr/4.8.2/avr4/libgcc.a(_exit.o)
 .text.libgcc.div
                0x0000000000001f0a        0x0 /usr/lib/gcc/avr/4.8.2/avr4/libgcc.a(_exit.o)
 .text.libgcc   0x0000000000001f0a        0x0 /usr/lib/gcc/avr/4.8.2/avr4/libgcc.a(_exit.o)
 .text.libgcc.prologue
                0x0000000000001f0a        0x0 /usr/lib/gcc/avr/4.8.2/avr4/libgcc.a(_exit.o)
 .text.libgcc.builtins
                0x0000000000001f0a        0x0 /usr/lib/gcc/avr/4.8.2/avr4/libgcc.a(_exit.o)
 .text.libgcc.fmul
                0x0000000000001f0a        0x0 /usr/lib/gcc/avr/4.8.2/avr4/libgcc.a(_exit.o)
 .text.libgcc.fixed
                0x0000000000001f0a        0x0 /usr/lib/gcc/avr/4.8.2/avr4/libgcc.a(_exit.o)
 .text.libgcc.mul
                0x0000000000001f0a        0x0 /usr/lib/gcc/avr/4.8.2/avr4/libgcc.a(_clear_bss.o)
 .text.libgcc.div
                0x0000000000001f0a        0x0 /usr/lib/gcc/avr/4.8.2/avr4/libgcc.a(_clear_bss.o)
 .text.libgcc   0x0000000000001f0a        0x0 /usr/lib/gcc/avr/4.8.2/avr4/libgcc.a(_clear_bss.o)
 .text.libgcc.prologue
                0x0000000000001f0a        0x0 /usr/lib/gcc/avr/4.8.2/avr4/libgcc.a(_clear_bss.o)
 .text.libgcc.builtins
                0x0000000000001f0a        0x0 /usr/lib/gcc/avr/4.8.2/avr4/libgcc.a(_clear_bss.o)
 .text.libgcc.fmul
                0x0000000000001f0a        0x0 /usr/lib/gcc/avr/4.8.2/avr4/libgcc.a(_clear_bss.o)
 .text.libgcc.fixed
                0x0000000000001f0a        0x0 /usr/lib/gcc/avr/4.8.2/avr4/libgcc.a(_clear_bss.o)
 .text.avr-libc
                0x0000000000001f0a       0x10 /usr/lib/gcc/avr/4.8.2/../../../avr/lib/avr4/libc.a(eerd_byte_atmega8.o)
                0x0000000000001f0a                __eerd_byte_m8
 .text.avr-libc
                0x0000000000001f1a       0x1a /usr/lib/gcc/avr/4.8.2/../../../avr/lib/avr4/libc.a(eewr_byte_atmega8.o)
                0x0000000000001f1a                __eewr_byte_m8
                0x0000000000001f1c                __eewr_r18_m8
                0x0000000000001f34                . = ALIGN (0x2)
 *(.fini9)
 .fini9         0x0000000000001f34        0x0 /usr/lib/gcc/avr/4.8.2/avr4/libgcc.a(_exit.o)
                0x0000000000001f34                exit
                0x0000000000001f34                _exit
 *(.fini8)
 *(.fini7)
 *(.fini6)
 *(.fini5)
 *(.fini4)
 *(.fini3)
 *(.fini2)
 *(.fini1)
 *(.fini0)
 .fini0         0x0000000000001f34        0x4 /usr/lib/gcc/avr/4.8.2/avr4/libgcc.a(_exit.o)
                0x0000000000001f38                _etext = .

.trampolines    0x0000000000001f38        0x0
 .trampolines   0x0000000000001f38        0x0 linker stubs

.data           0x0000000000800060        0x0 load address 0x0000000000001f38
                0x0000000000800060                PROVIDE (__data_start, .)
 *(.data)
 .data          0x0000000000800060        0x0 /usr/lib/gcc/avr/4.8.2/../../../avr/lib/avr4/crtm8.o
 .data          0x0000000000800060        0x0 main.o
 .data          0x0000000000800060        0x0 /usr/lib/gcc/avr/4.8.2/avr4/libgcc.a(_exit.o)
 .data          0x0000000000800060        0x0 /usr/lib/gcc/avr/4.8.2/avr4/libgcc.a(_clear_bss.o)
 .data          0x0000000000800060        0x0 /usr/lib/gcc/avr/4.8.2/../../../avr/lib/avr4/libc.a(eerd_byte_atmega8.o)
 .data          0x0000000000800060        0x0 /usr/lib/gcc/avr/4.8.2/../../../avr/lib/avr4/libc.a(eewr_byte_atmega8.o)
 *(.gnu.linkonce.d*)
                0x0000000000800060                . = ALIGN (0x2)
                0x0000000000800060                _edata = .
                0x0000000000800060                PROVIDE (__data_end, .)

.bss            0x0000000000800060       0x40 load address 0x0000000000001f38
                0x0000000000800060                PROVIDE (__bss_start, .)
 *(.bss)
 .bss           0x0000000000800060        0x0 /usr/lib/gcc/avr/4.8.2/../../../avr/lib/avr4/crtm8.o
 .bss           0x0000000000800060        0x0 main.o
 .bss           0x0000000000800060        0x0 /usr/lib/gcc/avr/4.8.2/avr4/libgcc.a(_exit.o)
 .bss           0x0000000000800060        0x0 /usr/lib/gcc/avr/4.8.2/avr4/libgcc.a(_clear_bss.o)
 .bss           0x0000000000800060        0x0 /usr/lib/gcc/avr/4.8.2/../../../avr/lib/avr4/libc.a(eerd_byte_atmega8.o)
 .bss           0x0000000000800060        0x0 /usr/lib/gcc/avr/4.8.2/../../../avr/lib/avr4/libc.a(eewr_byte_atmega8.o)
 *(COMMON)
 COMMON         0x0000000000800060       0x40 main.o
                0x0000000000800060                gBuffer
                0x00000000008000a0                PROVIDE (__bss_end, .)
                0x0000000000001f38                __data_load_start = LOADADDR (.data)
                0x0000000000001f38                __data_load_end = (__data_load_start + SIZEOF (.data))

.noinit         0x00000000008000a0        0x0
                0x00000000008000a0                PROVIDE (__noinit_start, .)
 *(.noinit*)
                0x00000000008000a0                PROVIDE (__noinit_end, .)
                0x00000000008000a0                _end = .
                0x00000000008000a0                PROVIDE (__heap_start, .)

.eeprom         0x0000000000810000        0x0
 *(.eeprom*)
                0x0000000000810000                __eeprom_end = .

.stab           0x0000000000000000      0xde0
 *(.stab)
 .stab          0x0000000000000000       0xa8 /usr/lib/gcc/avr/4.8.2/../../../avr/lib/avr4/crtm8.o
                                        0x6cc (size before relaxing)
 .stab          0x00000000000000a8      0xbd0 main.o
                                        0xbdc (size before relaxing)
 .stab          0x0000000000000c78       0x90 /usr/lib/gcc/avr/4.8.2/../../../avr/lib/avr4/libc.a(eerd_byte_atmega8.o)
                                         0x9c (size before relaxing)
 .stab          0x0000000000000d08       0xd8 /usr/lib/gcc/avr/4.8.2/../../../avr/lib/avr4/libc.a(eewr_byte_atmega8.o)
                                         0xe4 (size before relaxing)

.stabstr        0x0000000000000000      0xd6e
 *(.stabstr)
 .stabstr       0x0000000000000000      0xd6e /usr/lib/gcc/avr/4.8.2/../../../avr/lib/avr4/crtm8.o

.stab.excl
 *(.stab.excl)

.stab.exclstr
 *(.stab.exclstr)

.stab.index
 *(.stab.index)

.stab.indexstr
 *(.stab.indexstr)

.comment        0x0000000000000000       0x11
 *(.comment)
 .comment       0x0000000000000000       0x11 main.o
                                         0x12 (size before relaxing)

.debug
 *(.debug)

.line
 *(.line)

.debug_srcinfo
 *(.debug_srcinfo)

.debug_sfnames
 *(.debug_sfnames)

.debug_aranges
 *(.debug_aranges)

.debug_pubnames
 *(.debug_pubnames)

.debug_info
 *(.debug_info)
 *(.gnu.linkonce.wi.*)

.debug_abbrev
 *(.debug_abbrev)

.debug_line
 *(.debug_line)

.debug_frame
 *(.debug_frame)

.debug_str
 *(.debug_str)

.debug_loc
 *(.debug_loc)

.debug_macinfo
 *(.debug_macinfo)
OUTPUT(main.elf elf32-avr)
LOAD linker stubs

Cross Reference Table

Symbol                                            File
__bad_interrupt                                   /usr/lib/gcc/avr/4.8.2/../../../avr/lib/avr4/crtm8.o
__bss_end                                         /usr/lib/gcc/avr/4.8.2/avr4/libgcc.a(_clear_bss.o)
__bss_start                                       /usr/lib/gcc/avr/4.8.2/avr4/libgcc.a(_clear_bss.o)
__do_clear_bss                                    /usr/lib/gcc/avr/4.8.2/avr4/libgcc.a(_clear_bss.o)
                                                  main.o
__eerd_byte_m8                                    /usr/lib/gcc/avr/4.8.2/../../../avr/lib/avr4/libc.a(eerd_byte_atmega8.o)
                                                  main.o
__eewr_byte_m8                                    /usr/lib/gcc/avr/4.8.2/../../../avr/lib/avr4/libc.a(eewr_byte_atmega8.o)
                                                  main.o
__eewr_r18_m8                                     /usr/lib/gcc/avr/4.8.2/../../../avr/lib/avr4/libc.a(eewr_byte_atmega8.o)
__heap_end                                        /usr/lib/gcc/avr/4.8.2/../../../avr/lib/avr4/crtm8.o
__init                                            /usr/lib/gcc/avr/4.8.2/../../../avr/lib/avr4/crtm8.o
__stack                                           /usr/lib/gcc/avr/4.8.2/../../../avr/lib/avr4/crtm8.o
__vector_1                                        /usr/lib/gcc/avr/4.8.2/../../../avr/lib/avr4/crtm8.o
__vector_10                                       /usr/lib/gcc/avr/4.8.2/../../../avr/lib/avr4/crtm8.o
__vector_11                                       /usr/lib/gcc/avr/4.8.2/../../../avr/lib/avr4/crtm8.o
__vector_12                                       /usr/lib/gcc/avr/4.8.2/../../../avr/lib/avr4/crtm8.o
__vector_13                                       /usr/lib/gcc/avr/4.8.2/../../../avr/lib/avr4/crtm8.o
__vector_14                                       /usr/lib/gcc/avr/4.8.2/../../../avr/lib/avr4/crtm8.o
__vector_15                                       /usr/lib/gcc/avr/4.8.2/../../../avr/lib/avr4/crtm8.o
__vector_16                                       /usr/lib/gcc/avr/4.8.2/../../../avr/lib/avr4/crtm8.o
__vector_17                                       /usr/lib/gcc/avr/4.8.2/../../../avr/lib/avr4/crtm8.o
__vector_18                                       /usr/lib/gcc/avr/4.8.2/../../../avr/lib/avr4/crtm8.o
__vector_2                                        /usr/lib/gcc/avr/4.8.2/../../../avr/lib/avr4/crtm8.o
__vector_3                                        /usr/lib/gcc/avr/4.8.2/../../../avr/lib/avr4/crtm8.o
__vector_4                                        /usr/lib/gcc/avr/4.8.2/../../../avr/lib/avr4/crtm8.o
__vector_5                                        /usr/lib/gcc/avr/4.8.2/../../../avr/lib/avr4/crtm8.o
__vector_6                                        /usr/lib/gcc/avr/4.8.2/../../../avr/lib/avr4/crtm8.o
__vector_7                                        /usr/lib/gcc/avr/4.8.2/../../../avr/lib/avr4/crtm8.o
__vector_8                                        /usr/lib/gcc/avr/4.8.2/../../../avr/lib/avr4/crtm8.o
__vector_9                                        /usr/lib/gcc/avr/4.8.2/../../../avr/lib/avr4/crtm8.o
__vector_default                                  main.o
                                                  /usr/lib/gcc/avr/4.8.2/../../../avr/lib/avr4/crtm8.o
__vectors                                         /usr/lib/gcc/avr/4.8.2/../../../avr/lib/avr4/crtm8.o
_exit                                             /usr/lib/gcc/avr/4.8.2/avr4/libgcc.a(_exit.o)
exit                                              /usr/lib/gcc/avr/4.8.2/avr4/libgcc.a(_exit.o)
                                                  /usr/lib/gcc/avr/4.8.2/../../../avr/lib/avr4/crtm8.o
gBuffer                                           main.o
main                                              main.o
                                                  /usr/lib/gcc/avr/4.8.2/../../../avr/lib/avr4/crtm8.o
